2025-10-14 16:57:34,699 INFO o.a.j.u.JMeterUtils: Setting Locale to en_EN
2025-10-14 16:57:34,756 INFO o.a.j.JMeter: Loading user properties from: C:\Users\Samuel\Desktop\CWA-Web\apache-jmeter-5.6.3\bin\user.properties
2025-10-14 16:57:34,757 INFO o.a.j.JMeter: Loading system properties from: C:\Users\Samuel\Desktop\CWA-Web\apache-jmeter-5.6.3\bin\system.properties
2025-10-14 16:57:34,776 INFO o.a.j.JMeter: Copyright (c) 1998-2024 The Apache Software Foundation
2025-10-14 16:57:34,776 INFO o.a.j.JMeter: Version 5.6.3
2025-10-14 16:57:34,776 INFO o.a.j.JMeter: java.version=21.0.8
2025-10-14 16:57:34,776 INFO o.a.j.JMeter: java.vm.name=OpenJDK 64-Bit Server VM
2025-10-14 16:57:34,776 INFO o.a.j.JMeter: os.name=Windows 11
2025-10-14 16:57:34,776 INFO o.a.j.JMeter: os.arch=amd64
2025-10-14 16:57:34,778 INFO o.a.j.JMeter: os.version=10.0
2025-10-14 16:57:34,779 INFO o.a.j.JMeter: file.encoding=UTF-8
2025-10-14 16:57:34,779 INFO o.a.j.JMeter: java.awt.headless=true
2025-10-14 16:57:34,779 INFO o.a.j.JMeter: Max memory     =1073741824
2025-10-14 16:57:34,779 INFO o.a.j.JMeter: Available Processors =12
2025-10-14 16:57:34,805 INFO o.a.j.JMeter: Default Locale=English (EN)
2025-10-14 16:57:34,805 INFO o.a.j.JMeter: JMeter  Locale=English (EN)
2025-10-14 16:57:34,806 INFO o.a.j.JMeter: JMeterHome=C:\Users\Samuel\Desktop\CWA-Web\apache-jmeter-5.6.3
2025-10-14 16:57:34,806 INFO o.a.j.JMeter: user.dir  =C:\Users\Samuel\Desktop\CWA-Web
2025-10-14 16:57:34,806 INFO o.a.j.JMeter: PWD       =C:\Users\Samuel\Desktop\CWA-Web
2025-10-14 16:57:34,829 INFO o.a.j.JMeter: IP: 192.168.0.19 Name: DESKTOP-23VR7HQ FullName: 192.168.0.19
2025-10-14 16:57:34,850 INFO o.a.j.s.FileServer: Default base='C:\Users\Samuel\Desktop\CWA-Web'
2025-10-14 16:57:34,855 INFO o.a.j.s.FileServer: Set new base='C:\Users\Samuel\Desktop\CWA-Web'
2025-10-14 16:57:35,541 INFO o.a.j.s.SaveService: Testplan (JMX) version: 2.2. Testlog (JTL) version: 2.2
2025-10-14 16:57:35,649 INFO o.a.j.s.SaveService: Using SaveService properties version 5.0
2025-10-14 16:57:35,672 INFO o.a.j.s.SaveService: Using SaveService properties file encoding UTF-8
2025-10-14 16:57:35,682 INFO o.a.j.s.SaveService: Loading file: simple-load-test.jmx
2025-10-14 16:57:35,882 INFO o.a.j.p.h.s.HTTPSamplerBase: Parser for text/html is org.apache.jmeter.protocol.http.parser.LagartoBasedHtmlParser
2025-10-14 16:57:35,883 INFO o.a.j.p.h.s.HTTPSamplerBase: Parser for application/xhtml+xml is org.apache.jmeter.protocol.http.parser.LagartoBasedHtmlParser
2025-10-14 16:57:35,884 INFO o.a.j.p.h.s.HTTPSamplerBase: Parser for application/xml is org.apache.jmeter.protocol.http.parser.LagartoBasedHtmlParser
2025-10-14 16:57:35,884 INFO o.a.j.p.h.s.HTTPSamplerBase: Parser for text/xml is org.apache.jmeter.protocol.http.parser.LagartoBasedHtmlParser
2025-10-14 16:57:35,884 INFO o.a.j.p.h.s.HTTPSamplerBase: Parser for text/vnd.wap.wml is org.apache.jmeter.protocol.http.parser.RegexpHTMLParser
2025-10-14 16:57:35,884 INFO o.a.j.p.h.s.HTTPSamplerBase: Parser for text/css is org.apache.jmeter.protocol.http.parser.CssParser
2025-10-14 16:57:35,906 INFO o.a.j.JMeter: Creating summariser <summary>
2025-10-14 16:57:35,971 INFO o.a.j.e.StandardJMeterEngine: Running the test!
2025-10-14 16:57:35,974 INFO o.a.j.s.SampleEvent: List of sample_variables: []
2025-10-14 16:57:35,974 INFO o.a.j.s.SampleEvent: List of sample_variables: []
2025-10-14 16:57:35,990 INFO o.a.j.e.u.CompoundVariable: Note: Function class names must contain the string: '.functions.'
2025-10-14 16:57:35,990 INFO o.a.j.e.u.CompoundVariable: Note: Function class names must not contain the string: '.gui.'
2025-10-14 16:57:36,251 INFO o.a.j.JMeter: Running test (1760421456251)
2025-10-14 16:57:36,300 INFO o.a.j.e.StandardJMeterEngine: Starting ThreadGroup: 1 : Load Test Users
2025-10-14 16:57:36,300 INFO o.a.j.e.StandardJMeterEngine: Starting 5 threads for group Load Test Users.
2025-10-14 16:57:36,300 INFO o.a.j.e.StandardJMeterEngine: Thread will continue on error
2025-10-14 16:57:36,304 INFO o.a.j.t.ThreadGroup: Starting thread group... number=1 threads=5 ramp-up=5 delayedStart=false
2025-10-14 16:57:36,315 INFO o.a.j.t.ThreadGroup: Started thread group number 1
2025-10-14 16:57:36,315 INFO o.a.j.e.StandardJMeterEngine: All thread groups have been started
2025-10-14 16:57:36,317 INFO o.a.j.t.JMeterThread: Thread started: Load Test Users 1-1
2025-10-14 16:57:36,344 INFO o.a.j.p.h.s.HTTPHCAbstractImpl: Local host = DESKTOP-23VR7HQ
2025-10-14 16:57:36,355 INFO o.a.j.p.h.s.HTTPHC4Impl: HTTP request retry count = 0
2025-10-14 16:57:36,358 INFO o.a.j.s.SampleResult: Note: Sample TimeStamps are START times
2025-10-14 16:57:36,358 INFO o.a.j.s.SampleResult: sampleresult.default.encoding is set to UTF-8
2025-10-14 16:57:36,358 INFO o.a.j.s.SampleResult: sampleresult.useNanoTime=true
2025-10-14 16:57:36,359 INFO o.a.j.s.SampleResult: sampleresult.nanoThreadSleep=5000
2025-10-14 16:57:37,309 INFO o.a.j.t.JMeterThread: Thread started: Load Test Users 1-2
2025-10-14 16:57:38,308 INFO o.a.j.t.JMeterThread: Thread started: Load Test Users 1-3
2025-10-14 16:57:39,310 INFO o.a.j.t.JMeterThread: Thread started: Load Test Users 1-4
2025-10-14 16:57:40,307 INFO o.a.j.t.JMeterThread: Thread started: Load Test Users 1-5
2025-10-14 16:57:41,189 INFO o.a.j.t.JMeterThread: Thread is done: Load Test Users 1-1
2025-10-14 16:57:41,190 INFO o.a.j.t.JMeterThread: Thread finished: Load Test Users 1-1
2025-10-14 16:57:42,655 INFO o.a.j.t.JMeterThread: Thread is done: Load Test Users 1-2
2025-10-14 16:57:42,656 INFO o.a.j.t.JMeterThread: Thread finished: Load Test Users 1-2
2025-10-14 16:57:43,644 INFO o.a.j.t.JMeterThread: Thread is done: Load Test Users 1-3
2025-10-14 16:57:43,644 INFO o.a.j.t.JMeterThread: Thread finished: Load Test Users 1-3
2025-10-14 16:57:44,502 INFO o.a.j.t.JMeterThread: Thread is done: Load Test Users 1-4
2025-10-14 16:57:44,502 INFO o.a.j.t.JMeterThread: Thread finished: Load Test Users 1-4
2025-10-14 16:57:45,071 INFO o.a.j.t.JMeterThread: Thread is done: Load Test Users 1-5
2025-10-14 16:57:45,071 INFO o.a.j.t.JMeterThread: Thread finished: Load Test Users 1-5
2025-10-14 16:57:45,072 INFO o.a.j.e.StandardJMeterEngine: Notifying test listeners of end of test
2025-10-14 16:57:45,079 INFO o.a.j.r.Summariser: summary =     30 in 00:00:09 =    3.4/s Avg:   840 Min:   343 Max:  1540 Err:     0 (0.00%)
